I'm sorry, but errors were detected in your script. Please correct the
errors listed below, and try again.


File "game/parallax_vp_examples.rpy", line 51: expected ':' not found.
    else current_frame == "chapter4":
         ^

Ren'Py Version: Ren'Py 8.3.2.24090902
Sun Dec  8 00:35:57 2024
